Microchip MPLAB XC8 Compiler V2.32

Linker command line:

-W-3 --edf=C:\Program Files\Microchip\xc8\v2.32\pic\dat\en_msgs.txt -cn \
  -h+dist/default/production\PROJETO_FINAL.X.production.sym \
  --cmf=dist/default/production\PROJETO_FINAL.X.production.cmf -z -Q18F4520 \
  -oC:\Users\fe_li\AppData\Local\Temp\xcAs97c.4 --defsym=__MPLAB_BUILD=1 \
  -Mdist/default/production/PROJETO_FINAL.X.production.map -E1 \
  -ver=XC8 Compiler --acfsm=1493 -ASTACK=080h-05FFh -pstack=STACK \
  -ACODE=00h-07FFFh -ACONST=00h-07FFFh -ASMALLCONST=0600h-06FFhx122 \
  -AMEDIUMCONST=0600h-07FFFh -ACOMRAM=01h-07Fh -AABS1=00h-05FFh \
  -ABIGRAM=01h-05FFh -ARAM=080h-0FFh,0100h-01FFhx5 -ABANK0=080h-0FFh \
  -ABANK1=0100h-01FFh -ABANK2=0200h-02FFh -ABANK3=0300h-03FFh \
  -ABANK4=0400h-04FFh -ABANK5=0500h-05FFh -ASFR=0F80h-0FFFh \
  -ACONFIG=0300000h-030000Dh -AIDLOC=0200000h-0200007h \
  -AEEDATA=0F00000h-0F000FFh -peeprom_data=EEDATA \
  -preset_vec=00h,intcode,intcodelo,powerup,init -pramtop=0600h \
  -psmallconst=SMALLCONST -pmediumconst=MEDIUMCONST -pconst=CONST \
  -AFARRAM=00h-00h \
  -prdata=COMRAM,nvrram=COMRAM,nvbit=COMRAM,rbss=COMRAM,rbit=COMRAM \
  -pfarbss=FARRAM,fardata=FARRAM,nvFARRAM=FARRAM \
  -pintsave_regs=BIGRAM,bigbss=BIGRAM,bigdata=BIGRAM -pbss=RAM \
  -pidata=CODE,irdata=CODE,ibigdata=CODE,ifardata=CODE -prparam=COMRAM \
  C:\Users\fe_li\AppData\Local\Temp\xcAs97c.o \
  dist/default/production\PROJETO_FINAL.X.production.o 

Object code version is 3.11

Machine type is 18F4520



                Name                               Link     Load   Length Selector   Space Scale
C:\Users\fe_li\AppData\Local\Temp\xcAs97c.o
                idloc                            200000   200000        8        0       5
                config                           300000   300000        E        0       4
                init                                  0        0        4        0       0
dist/default/production\PROJETO_FINAL.X.production.o
                idloc                            200000   200000        8        0       5
                config                           300000   300000        E        0       4
                smallconst                          600      600       8E      300       0
                text25                             1708     1708       C4      347       0
                text24                             1880     1880       B0      347       0
                text23                              68E      68E      4C0      347       0
                text22                             1516     1516      104      347       0
                text21                             1028     1028      24E      347       0
                text20                             1C08     1C08       2A      347       0
                text19                             1BDE     1BDE       2A      347       0
                text18                             1AAE     1AAE       4E      347       0
                text17                              B4E      B4E      28C      347       0
                text16                             1276     1276      16A      347       0
                text15                             13E0     13E0      136      347       0
                text14                              DDA      DDA      24E      347       0
                text13                             1B3E     1B3E       3E      347       0
                text12                             1B7C     1B7C       32      347       0
                text11                             1930     1930       78      347       0
                text10                             1BAE     1BAE       30      347       0
                text9                              1CAA     1CAA        2      347       0
                text8                              1AFC     1AFC       42      347       0
                text7                              19A8     19A8       5A      347       0
                text6                              1C76     1C76       1E      347       0
                text5                              1C32     1C32       26      347       0
                text4                              17CC     17CC       B4      347       0
                text3                              1C58     1C58       1E      347       0
                text2                              1A58     1A58       56      347       0
                text1                              1A02     1A02       56      347       0
                text0                              161A     161A       EE      347       0
                cstackCOMRAM                          1        1       1D        1       1
                bssCOMRAM                            1E       1E       12        1       1
                cinit                              1C94     1C94       16      347       0

TOTAL           Name                               Link     Load   Length     Space
        CLASS   STACK          

        CLASS   CODE           
                init                                  0        0        4         0
                text25                             1708     1708       C4         0
                text24                             1880     1880       B0         0
                text23                              68E      68E      4C0         0
                text22                             1516     1516      104         0
                text21                             1028     1028      24E         0
                text20                             1C08     1C08       2A         0
                text19                             1BDE     1BDE       2A         0
                text18                             1AAE     1AAE       4E         0
                text17                              B4E      B4E      28C         0
                text16                             1276     1276      16A         0
                text15                             13E0     13E0      136         0
                text14                              DDA      DDA      24E         0
                text13                             1B3E     1B3E       3E         0
                text12                             1B7C     1B7C       32         0
                text11                             1930     1930       78         0
                text10                             1BAE     1BAE       30         0
                text9                              1CAA     1CAA        2         0
                text8                              1AFC     1AFC       42         0
                text7                              19A8     19A8       5A         0
                text6                              1C76     1C76       1E         0
                text5                              1C32     1C32       26         0
                text4                              17CC     17CC       B4         0
                text3                              1C58     1C58       1E         0
                text2                              1A58     1A58       56         0
                text1                              1A02     1A02       56         0
                text0                              161A     161A       EE         0
                cinit                              1C94     1C94       16         0

        CLASS   CONST          

        CLASS   SMALLCONST     
                smallconst                          600      600       8E         0

        CLASS   MEDIUMCONST    

        CLASS   COMRAM         
                cstackCOMRAM                          1        1       1D         1
                bssCOMRAM                            1E       1E       12         1

        CLASS   ABS1           

        CLASS   BIGRAM         

        CLASS   RAM            

        CLASS   BANK0          

        CLASS   BANK1          

        CLASS   BANK2          

        CLASS   BANK3          

        CLASS   BANK4          

        CLASS   BANK5          

        CLASS   SFR            

        CLASS   CONFIG         
                config                           300000   300000        E         4

        CLASS   IDLOC          
                idloc                            200000   200000        8         5

        CLASS   EEDATA         

        CLASS   FARRAM         



SEGMENTS        Name                           Load    Length   Top    Selector   Space  Class

                reset_vec                      000000  000004  000004         0       0  CODE    
                cstackCOMRAM                   000001  00002F  000030         1       1  COMRAM  
                smallconst                     000600  00008E  00068E       300       0  SMALLCON
                text23                         00068E  00161E  001CAC       347       0  CODE    


UNUSED ADDRESS RANGES

        Name                Unused          Largest block    Delta
        BANK0            000080-0000FF               80
        BANK1            000100-0001FF              100
        BANK2            000200-0002FF              100
        BANK3            000300-0003FF              100
        BANK4            000400-0004FF              100
        BANK5            000500-0005FF              100
        BIGRAM           000030-0005FF              5D0
        CODE             000004-0005FF              5FC
                         001CAC-007FFF             6354
        COMRAM           000030-00007F               50
        CONST            000004-0005FF              5FC
                         001CAC-007FFF             6354
        EEDATA           F00000-F000FF              100
        MEDIUMCONST      001CAC-007FFF             6354
        RAM              000080-0005FF              100
        SFR              000F80-000FFF               80
        SMALLCONST       001CAC-007FFF              100
        STACK            000080-0005FF              580

                                  Symbol Table

?___awdiv                cstackCOMRAM 000001
?___awmod                cstackCOMRAM 000009
?___fladd                cstackCOMRAM 000001
?_digitalRead            cstackCOMRAM 000001
_ADCON1                  (abs)        000FC1
_INTCON                  (abs)        000FF2
_PORTA                   (abs)        000F80
_PORTB                   (abs)        000F81
_PORTC                   (abs)        000F82
_PORTD                   (abs)        000F83
_PORTE                   (abs)        000F84
_PulseClockData          text20       001C08
_PulseEnClock            text19       001BDE
_T0CON                   (abs)        000FD5
_TMR0H                   (abs)        000FD7
_TMR0L                   (abs)        000FD6
_TRISA                   (abs)        000F92
_TRISB                   (abs)        000F93
_TRISC                   (abs)        000F94
_TRISD                   (abs)        000F95
_TRISE                   (abs)        000F96
_Teclado                 bssCOMRAM    000024
__HRAM                   (abs)        000000
__Habs1                  abs1         000000
__Hbank0                 bank0        000000
__Hbank1                 bank1        000000
__Hbank2                 bank2        000000
__Hbank3                 bank3        000000
__Hbank4                 bank4        000000
__Hbank5                 bank5        000000
__Hbigbss                bigbss       000000
__Hbigdata               bigdata      000000
__Hbigram                bigram       000000
__Hbss                   bss          000000
__HbssCOMRAM             bssCOMRAM    000000
__Hcinit                 cinit        000000
__Hclrtext               clrtext      000000
__Hcomram                comram       000000
__Hconfig                config       30000E
__Hconst                 const        000000
__HcstackCOMRAM          cstackCOMRAM 000000
__Hdata                  data         000000
__Heeprom_data           eeprom_data  000000
__Hfarbss                farbss       000000
__Hfardata               fardata      000000
__Hibigdata              ibigdata     000000
__Hidata                 idata        000000
__Hidloc                 idloc        200008
__Hifardata              ifardata     000000
__Hinit                  init         000004
__Hintcode               intcode      000000
__Hintcode_body          intcode_body 000000
__Hintcodelo             intcodelo    000000
__Hintentry              intentry     000000
__Hintret                intret       000000
__Hintsave_regs          intsave_regs 000000
__Hirdata                irdata       000000
__Hmediumconst           mediumconst  000000
__HnvFARRAM              nvFARRAM     000000
__Hnvbit                 nvbit        000000
__Hnvrram                nvrram       000000
__Hparam                 rparam       000000
__Hpowerup               powerup      000000
__Hram                   ram          000000
__Hramtop                ramtop       000600
__Hrbit                  rbit         000000
__Hrbss                  rbss         000000
__Hrdata                 rdata        000000
__Hreset_vec             reset_vec    000000
__Hrparam                rparam       000000
__Hsfr                   sfr          000000
__Hsmallconst            smallconst   00068E
__Hspace_0               (abs)        001CAC
__Hspace_1               (abs)        000030
__Hspace_2               (abs)        000000
__Hspace_4               (abs)        60000E
__Hstack                 stack        000000
__Hstruct                struct       000000
__Htemp                  temp         000000
__Htext                  text         000000
__Htext0                 text0        000000
__Htext1                 text1        000000
__Htext10                text10       000000
__Htext11                text11       000000
__Htext12                text12       000000
__Htext13                text13       000000
__Htext14                text14       000000
__Htext15                text15       000000
__Htext16                text16       000000
__Htext17                text17       000000
__Htext18                text18       000000
__Htext19                text19       000000
__Htext2                 text2        000000
__Htext20                text20       000000
__Htext21                text21       000000
__Htext22                text22       000000
__Htext23                text23       000000
__Htext24                text24       000000
__Htext25                text25       000000
__Htext3                 text3        000000
__Htext4                 text4        000000
__Htext5                 text5        000000
__Htext6                 text6        000000
__Htext7                 text7        000000
__Htext8                 text8        000000
__Htext9                 text9        000000
__LRAM                   (abs)        000001
__Labs1                  abs1         000000
__Lbank0                 bank0        000000
__Lbank1                 bank1        000000
__Lbank2                 bank2        000000
__Lbank3                 bank3        000000
__Lbank4                 bank4        000000
__Lbank5                 bank5        000000
__Lbigbss                bigbss       000000
__Lbigdata               bigdata      000000
__Lbigram                bigram       000000
__Lbss                   bss          000000
__LbssCOMRAM             bssCOMRAM    000000
__Lcinit                 cinit        000000
__Lclrtext               clrtext      000000
__Lcomram                comram       000000
__Lconfig                config       000000
__Lconst                 const        000000
__LcstackCOMRAM          cstackCOMRAM 000000
__Ldata                  data         000000
__Leeprom_data           eeprom_data  000000
__Lfarbss                farbss       000000
__Lfardata               fardata      000000
__Libigdata              ibigdata     000000
__Lidata                 idata        000000
__Lidloc                 idloc        000000
__Lifardata              ifardata     000000
__Linit                  init         000000
__Lintcode               intcode      000000
__Lintcode_body          intcode_body 000000
__Lintcodelo             intcodelo    000000
__Lintentry              intentry     000000
__Lintret                intret       000000
__Lintsave_regs          intsave_regs 000000
__Lirdata                irdata       000000
__Lmediumconst           mediumconst  000000
__LnvFARRAM              nvFARRAM     000000
__Lnvbit                 nvbit        000000
__Lnvrram                nvrram       000000
__Lparam                 rparam       000000
__Lpowerup               powerup      000000
__Lram                   ram          000000
__Lramtop                ramtop       000600
__Lrbit                  rbit         000000
__Lrbss                  rbss         000000
__Lrdata                 rdata        000000
__Lreset_vec             reset_vec    000000
__Lrparam                rparam       000000
__Lsfr                   sfr          000000
__Lsmallconst            smallconst   000600
__Lspace_0               (abs)        000000
__Lspace_1               (abs)        000000
__Lspace_2               (abs)        000000
__Lspace_4               (abs)        000000
__Lstack                 stack        000000
__Lstruct                struct       000000
__Ltemp                  temp         000000
__Ltext                  text         000000
__Ltext0                 text0        000000
__Ltext1                 text1        000000
__Ltext10                text10       000000
__Ltext11                text11       000000
__Ltext12                text12       000000
__Ltext13                text13       000000
__Ltext14                text14       000000
__Ltext15                text15       000000
__Ltext16                text16       000000
__Ltext17                text17       000000
__Ltext18                text18       000000
__Ltext19                text19       000000
__Ltext2                 text2        000000
__Ltext20                text20       000000
__Ltext21                text21       000000
__Ltext22                text22       000000
__Ltext23                text23       000000
__Ltext24                text24       000000
__Ltext25                text25       000000
__Ltext3                 text3        000000
__Ltext4                 text4        000000
__Ltext5                 text5        000000
__Ltext6                 text6        000000
__Ltext7                 text7        000000
__Ltext8                 text8        000000
__Ltext9                 text9        000000
__S0                     (abs)        001CAC
__S1                     (abs)        000030
__S2                     (abs)        000000
__S4                     (abs)        000000
__S5                     (abs)        000000
___awdiv                 text25       001708
___awdiv@counter         cstackCOMRAM 000005
___awdiv@dividend        cstackCOMRAM 000001
___awdiv@divisor         cstackCOMRAM 000003
___awdiv@quotient        cstackCOMRAM 000007
___awdiv@sign            cstackCOMRAM 000006
___awmod                 text24       001880
___awmod@counter         cstackCOMRAM 00000D
___awmod@dividend        cstackCOMRAM 000009
___awmod@divisor         cstackCOMRAM 00000B
___awmod@sign            cstackCOMRAM 00000E
___fladd                 text23       00068E
___fladd@a               cstackCOMRAM 000005
___fladd@aexp            cstackCOMRAM 00000E
___fladd@b               cstackCOMRAM 000001
___fladd@bexp            cstackCOMRAM 00000F
___fladd@grs             cstackCOMRAM 000010
___fladd@signs           cstackCOMRAM 00000D
___flge                  text22       001516
___flge@ff1              cstackCOMRAM 000001
___flge@ff2              cstackCOMRAM 000005
___inthi_sp              stack        000000
___intlo_sp              stack        000000
___param_bank            (abs)        000000
___rparam_used           (abs)        000001
___sp                    stack        000000
__accesstop              (abs)        000080
__activetblptr           (abs)        000002
__end_of_PulseClockData  text20       001C32
__end_of_PulseEnClock    text19       001C08
__end_of___awdiv         text25       0017CC
__end_of___awmod         text24       001930
__end_of___fladd         text23       000B4E
__end_of___flge          text22       00161A
__end_of__initialization cinit        001CA0
__end_of_charKey         smallconst   00062B
__end_of_cronometro      text17       000DDA
__end_of_delayMicro      text9        001CAC
__end_of_delayMili       text10       001BDE
__end_of_digitalRead     text16       0013E0
__end_of_digitalWrite    text21       001276
__end_of_kpDebounce      text15       001516
__end_of_kpInit          text12       001BAE
__end_of_kpReadKey       text11       0019A8
__end_of_lcdChar         text3        001C76
__end_of_lcdCommand      text6        001C94
__end_of_lcdInit         text4        001880
__end_of_lcdString       text2        001AAE
__end_of_main            text0        001708
__end_of_pinMode         text14       001028
__end_of_pulseEnablePin  text8        001B3E
__end_of_pushByte        text7        001A02
__end_of_pushNibble      text5        001C58
__end_of_soInit          text13       001B7C
__end_of_soWrite         text18       001AFC
__end_of_ssdInit         text1        001A58
__end_of_valor           smallconst   000621
__end_of_valor@ssd$F183  smallconst   000611
__initialization         cinit        001C94
__mediumconst            mediumconst  000000
__pbssCOMRAM             bssCOMRAM    00001E
__pcinit                 cinit        001C94
__pcstackCOMRAM          cstackCOMRAM 000001
__psmallconst            smallconst   000600
__ptext0                 text0        00161A
__ptext1                 text1        001A02
__ptext10                text10       001BAE
__ptext11                text11       001930
__ptext12                text12       001B7C
__ptext13                text13       001B3E
__ptext14                text14       000DDA
__ptext15                text15       0013E0
__ptext16                text16       001276
__ptext17                text17       000B4E
__ptext18                text18       001AAE
__ptext19                text19       001BDE
__ptext2                 text2        001A58
__ptext20                text20       001C08
__ptext21                text21       001028
__ptext22                text22       001516
__ptext23                text23       00068E
__ptext24                text24       001880
__ptext25                text25       001708
__ptext3                 text3        001C58
__ptext4                 text4        0017CC
__ptext5                 text5        001C32
__ptext6                 text6        001C76
__ptext7                 text7        0019A8
__ptext8                 text8        001AFC
__ptext9                 text9        001CAA
__ramtop                 ramtop       000600
__size_of_PulseClockData (abs)        000000
__size_of_PulseEnClock   (abs)        000000
__size_of___awdiv        (abs)        000000
__size_of___awmod        (abs)        000000
__size_of___fladd        (abs)        000000
__size_of___flge         (abs)        000000
__size_of_cronometro     (abs)        000000
__size_of_delayMicro     (abs)        000000
__size_of_delayMili      (abs)        000000
__size_of_digitalRead    (abs)        000000
__size_of_digitalWrite   (abs)        000000
__size_of_kpDebounce     (abs)        000000
__size_of_kpInit         (abs)        000000
__size_of_kpReadKey      (abs)        000000
__size_of_lcdChar        (abs)        000000
__size_of_lcdCommand     (abs)        000000
__size_of_lcdInit        (abs)        000000
__size_of_lcdString      (abs)        000000
__size_of_main           (abs)        000000
__size_of_pinMode        (abs)        000000
__size_of_pulseEnablePin (abs)        000000
__size_of_pushByte       (abs)        000000
__size_of_pushNibble     (abs)        000000
__size_of_soInit         (abs)        000000
__size_of_soWrite        (abs)        000000
__size_of_ssdInit        (abs)        000000
__smallconst             smallconst   000600
_charKey                 smallconst   000621
_cronometro              text17       000B4E
_delayMicro              text9        001CAA
_delayMili               text10       001BAE
_digitalRead             text16       001276
_digitalWrite            text21       001028
_display                 bssCOMRAM    00002F
_display@ssd$F184        bssCOMRAM    00002B
_keys                    bssCOMRAM    000022
_kpDebounce              text15       0013E0
_kpInit                  text12       001B7C
_kpReadKey               text11       001930
_lcdChar                 text3        001C58
_lcdCommand              text6        001C76
_lcdInit                 text4        0017CC
_lcdString               text2        001A58
_main                    text0        00161A
_pinMode                 text14       000DDA
_pulseEnablePin          text8        001AFC
_pushByte                text7        0019A8
_pushNibble              text5        001C32
_soInit                  text13       001B3E
_soWrite                 text18       001AAE
_ssdInit                 text1        001A02
_v0                      bssCOMRAM    00002E
_v0@ssd$F185             bssCOMRAM    00002A
_v1                      bssCOMRAM    00002D
_v1@ssd$F186             bssCOMRAM    000029
_v2                      bssCOMRAM    00002C
_v2@ssd$F187             bssCOMRAM    000028
_v3                      bssCOMRAM    000027
_valor                   smallconst   000611
_valor@ssd$F183          smallconst   000601
cronometro@cont          cstackCOMRAM 000019
cronometro@contador      cstackCOMRAM 000011
cronometro@tempo         cstackCOMRAM 000015
delayMicro@a             cstackCOMRAM 000001
delayMili@a              cstackCOMRAM 000001
delayMili@i              cstackCOMRAM 000004
digitalRead@pin          cstackCOMRAM 000001
digitalWrite@pin         cstackCOMRAM 000001
digitalWrite@value       cstackCOMRAM 000003
end_of_initialization    cinit        001CA0
intlevel0                text         000000
intlevel1                text         000000
intlevel2                text         000000
intlevel3                text         000000
isa$std                  (abs)        000001
isa$xinst                (abs)        000000
kpDebounce@i             cstackCOMRAM 00000D
kpDebounce@newRead       bssCOMRAM    000020
kpDebounce@oldRead       bssCOMRAM    00001E
kpDebounce@tempo         bssCOMRAM    000026
kpReadKey@i              cstackCOMRAM 000004
lcdChar@value            cstackCOMRAM 00000E
lcdCommand@value         cstackCOMRAM 00000E
lcdString@i              cstackCOMRAM 000013
lcdString@msg            cstackCOMRAM 00000F
main@tecla               cstackCOMRAM 00001D
pinMode@pin              cstackCOMRAM 000001
pinMode@type             cstackCOMRAM 000003
pushByte@rs              cstackCOMRAM 00000A
pushByte@value           cstackCOMRAM 00000D
pushNibble@rs            cstackCOMRAM 00000A
pushNibble@value         cstackCOMRAM 00000C
soWrite@i                cstackCOMRAM 000009
soWrite@value            cstackCOMRAM 000007
stackhi                  (abs)        0005FF
stacklo                  (abs)        000080
start                    init         000000
start_initialization     cinit        001C94


MODULE INFORMATION

Module		Function		Class		Link	Load	Size
ssd.c
		_ssdInit       		CODE           	1A02	0000	86

ssd.c estimated size: 86

C:\Program Files\Microchip\xc8\v2.32\pic\sources\c99\common\awdiv.c
		___awdiv       		CODE           	1708	0000	196

C:\Program Files\Microchip\xc8\v2.32\pic\sources\c99\common\awdiv.c estimated size: 196

C:\Program Files\Microchip\xc8\v2.32\pic\sources\c99\common\sprcadd.c
		___fladd       		CODE           	068E	0000	1216

C:\Program Files\Microchip\xc8\v2.32\pic\sources\c99\common\sprcadd.c estimated size: 1216

keypad.c
		_kpInit        		CODE           	1B7C	0000	50
		_kpReadKey     		CODE           	1930	0000	120
		_kpDebounce    		CODE           	13E0	0000	310

keypad.c estimated size: 480

so.c
		_soInit        		CODE           	1B3E	0000	62
		_soWrite       		CODE           	1AAE	0000	78
		_PulseEnClock  		CODE           	1BDE	0000	42
		_PulseClockData		CODE           	1C08	0000	42

so.c estimated size: 224

io.c
		_digitalRead   		CODE           	1276	0000	362
		_digitalWrite  		CODE           	1028	0000	590
		_pinMode       		CODE           	0DDA	0000	590

io.c estimated size: 1542

newmain.c
		_main          		CODE           	161A	0000	238
		_cronometro    		CODE           	0B4E	0000	652

newmain.c estimated size: 890

shared
		_valor         		SMALLCONST     	0611	0000	16
		_charKey       		SMALLCONST     	0621	0000	10
		_valor@ssd$F183		SMALLCONST     	0601	0000	16
		__initialization		CODE           	1C94	0000	12

shared estimated size: 54

C:\Program Files\Microchip\xc8\v2.32\pic\sources\c99\common\awmod.c
		___awmod       		CODE           	1880	0000	176

C:\Program Files\Microchip\xc8\v2.32\pic\sources\c99\common\awmod.c estimated size: 176

lcd.c
		_lcdCommand    		CODE           	1C76	0000	30
		_lcdChar       		CODE           	1C58	0000	30
		_lcdString     		CODE           	1A58	0000	86
		_pulseEnablePin		CODE           	1AFC	0000	66
		_pushByte      		CODE           	19A8	0000	90
		_pushNibble    		CODE           	1C32	0000	38
		_lcdInit       		CODE           	17CC	0000	180
		_delayMili     		CODE           	1BAE	0000	48
		_delayMicro    		CODE           	1CAA	0000	2

lcd.c estimated size: 570

C:\Program Files\Microchip\xc8\v2.32\pic\sources\c99\common\flge.c
		___flge        		CODE           	1516	0000	260

C:\Program Files\Microchip\xc8\v2.32\pic\sources\c99\common\flge.c estimated size: 260

